// Vitest Snapshot v1, https://vitest.dev/guide/snapshot.html

exports[`basic > document snapshot > Document.tsx 1`] = `"<!DOCTYPE html><html lang=\\"en\\"><head><meta charSet=\\"UTF-8\\"/><link rel=\\"icon\\" type=\\"image/svg+xml\\" href=\\"/src/favicon.svg\\"/><meta name=\\"env.mode\\" content=\\"prod\\"/><meta name=\\"env.prod\\" content=\\"prod\\"/><meta name=\\"viewport\\" content=\\"width=device-width, initial-scale=1.0\\"/></head><body><div id=\\"root\\"></div></body></html>"`;
